14:52:00.339 INFO    iga.test_inland_marine e2e run starting — log_file=C:\Users\Andrew\Documents\GitHub\IGA-Marketing-Master-2.0\diagnostics\im_e2e\20260526_145200.log stop_file=C:\Users\Andrew\Documents\GitHub\IGA-Marketing-Master-2.0\diagnostics\im_e2e\STOP_NOW
14:52:01.777 INFO    iga.epic_steps.inland_marine === Inland Marine entry step starting (state='TN') ===
14:52:01.777 INFO    iga.epic_steps.inland_marine Setup: 48 sched, 6 unsched, 5 AI, 11 AC
14:52:03.810 DEBUG   iga.epic_steps.inland_marine Clicked IM sidebar parent (attempt 1/4)
14:52:03.810 INFO    iga.epic_steps.inland_marine === Step 1: Coverage / Deductible ===
14:52:05.413 DEBUG   iga.epic_steps.inland_marine Navigated to EquipmentFloater.CoverageDeductible (CHM-EFCOVDED screen code present)
14:52:05.414 INFO    iga.epic_steps.inland_marine === Coverage / Deductible (safe_action mode) ===
14:52:07.135 DEBUG   iga.epic_steps.inland_marine radio rbtnScheduled checked after attempt 1
14:52:07.943 DEBUG   iga.epic_steps.inland_marine kb_fill #streTotalScheduledAmount__textField = '5578487' OK
14:52:08.159 INFO    iga.epic_steps.inland_marine Group 1 (amount) = Scheduled amount; total = 5578487 (sum of 48 item(s))
14:52:08.322 DEBUG   iga.epic_steps.inland_marine radio rbtnAllRisks checked after attempt 1
14:52:08.536 INFO    iga.epic_steps.inland_marine Group 2 (perils) = All risks
14:52:08.683 DEBUG   iga.epic_steps.inland_marine radio rbtnReplacementCost checked after attempt 1
14:52:08.903 INFO    iga.epic_steps.inland_marine Group 3 (cost basis) = Replacement cost
14:52:09.687 DEBUG   iga.epic_steps.property fill_combo cboACVReplacementCostDedType = 'FL'  matched row 0 (priority 3)
14:52:10.540 DEBUG   iga.epic_steps.inland_marine kb_fill #streACVReplacementCostDeductible__textField = '5000' OK
14:52:11.182 INFO    iga.epic_steps.inland_marine Coverage/Deductible: filled cleanly
14:52:11.182 INFO    iga.epic_steps.inland_marine === Step 2: Scheduled Equipment ===
14:52:13.010 DEBUG   iga.epic_steps.inland_marine Navigated to EquipmentFloater.ScheduledEquipment (CHM-EFSCHEQU screen code present)
14:52:13.012 DEBUG   iga.epic_steps.inland_marine EquipmentFloater.ScheduledEquipment: vlvwScheduledEquipment_add ready
14:52:13.013 INFO    iga.epic_steps.inland_marine === Scheduled Equipment: 48 item(s) ===
14:52:13.014 INFO    iga.epic_steps.inland_marine --- Row 1/48: desired item#=1, EPIC auto-fill will be 1, KOMATSU | PC2906CI-II | 2019 | Hydraulic Excavator | $364695
14:52:13.018 DEBUG   iga.epic_steps.inland_marine Sched #1: rows_before=0
14:52:14.200 DEBUG   iga.epic_steps.inland_marine Sched #1: row appeared (count 0 → 1)
14:52:15.210 DEBUG   iga.epic_steps.inland_marine Sched #1: EPIC auto-fill (1) matches desired — no typing
14:52:15.211 DEBUG   iga.epic_steps.inland_marine Sched #1: filling description (#streDescription) = 'Hydraulic Excavator'
14:52:16.184 DEBUG   iga.epic_steps.inland_marine kb_fill #streDescription = 'Hydraulic Excavator' OK
14:52:16.399 DEBUG   iga.epic_steps.inland_marine Sched #1: description verified OK
14:52:16.400 DEBUG   iga.epic_steps.inland_marine Sched #1: serial blank — skipping
14:52:16.400 DEBUG   iga.epic_steps.inland_marine Sched #1: filling manufacturer (#streManufacturer) = 'KOMATSU'
14:52:16.977 DEBUG   iga.epic_steps.inland_marine kb_fill #streManufacturer = 'KOMATSU' OK
14:52:17.195 DEBUG   iga.epic_steps.inland_marine Sched #1: manufacturer verified OK
14:52:17.196 DEBUG   iga.epic_steps.inland_marine Sched #1: filling model (#streModel) = 'PC2906CI-II'
14:52:17.920 DEBUG   iga.epic_steps.inland_marine kb_fill #streModel = 'PC2906CI-II' OK
14:52:18.137 DEBUG   iga.epic_steps.inland_marine Sched #1: model verified OK
14:52:18.137 DEBUG   iga.epic_steps.inland_marine Sched #1: filling year (#inteModelYear__textField) = '2019'
14:52:18.628 DEBUG   iga.epic_steps.inland_marine kb_fill #inteModelYear__textField = '2019' OK
14:52:18.846 DEBUG   iga.epic_steps.inland_marine Sched #1: year verified OK
14:52:18.846 DEBUG   iga.epic_steps.inland_marine Sched #1: filling amount (#streAmtInsurance__textField) = '364695'
14:52:19.398 DEBUG   iga.epic_steps.inland_marine kb_fill #streAmtInsurance__textField = '364695' OK
14:52:19.617 DEBUG   iga.epic_steps.inland_marine Sched #1: amount verified OK
14:52:19.920 DEBUG   iga.epic_steps.inland_marine Sched #1: row complete; expected_next=2
14:52:19.920 INFO    iga.epic_steps.inland_marine --- Row 2/48: desired item#=2, EPIC auto-fill will be 2, TOPCON KOMATSU | DZ 3DMC2 | - | GPS/Machine Control System | $45000
14:52:19.924 DEBUG   iga.epic_steps.inland_marine Sched #2: rows_before=1
14:52:21.112 DEBUG   iga.epic_steps.inland_marine Sched #2: row appeared (count 1 → 2)
14:52:22.120 DEBUG   iga.epic_steps.inland_marine Sched #2: EPIC auto-fill (2) matches desired — no typing
14:52:22.120 DEBUG   iga.epic_steps.inland_marine Sched #2: filling description (#streDescription) = 'GPS/Machine Control System'
14:52:23.298 DEBUG   iga.epic_steps.inland_marine kb_fill #streDescription = 'GPS/Machine Control System' OK
14:52:23.528 DEBUG   iga.epic_steps.inland_marine Sched #2: description verified OK
14:52:23.528 DEBUG   iga.epic_steps.inland_marine Sched #2: serial blank — skipping
14:52:23.529 DEBUG   iga.epic_steps.inland_marine Sched #2: filling manufacturer (#streManufacturer) = 'TOPCON KOMATSU'
14:52:24.331 DEBUG   iga.epic_steps.inland_marine kb_fill #streManufacturer = 'TOPCON KOMATSU' OK
14:52:24.549 DEBUG   iga.epic_steps.inland_marine Sched #2: manufacturer verified OK
14:52:24.549 DEBUG   iga.epic_steps.inland_marine Sched #2: filling model (#streModel) = 'DZ 3DMC2'
14:52:25.190 DEBUG   iga.epic_steps.inland_marine kb_fill #streModel = 'DZ 3DMC2' OK
14:52:25.405 DEBUG   iga.epic_steps.inland_marine Sched #2: model verified OK
14:52:25.405 DEBUG   iga.epic_steps.inland_marine Sched #2: year blank — skipping
14:52:25.405 DEBUG   iga.epic_steps.inland_marine Sched #2: filling amount (#streAmtInsurance__textField) = '45000'
14:52:25.927 DEBUG   iga.epic_steps.inland_marine kb_fill #streAmtInsurance__textField = '45000' OK
14:52:26.145 DEBUG   iga.epic_steps.inland_marine Sched #2: amount verified OK
14:52:26.459 DEBUG   iga.epic_steps.inland_marine Sched #2: row complete; expected_next=3
14:52:26.459 INFO    iga.epic_steps.inland_marine --- Row 3/48: desired item#=3, EPIC auto-fill will be 3, TOPCON | GR5 BASE | 2016 | Grade Control Base Station | $16000
14:52:26.464 DEBUG   iga.epic_steps.inland_marine Sched #3: rows_before=2
14:52:27.649 DEBUG   iga.epic_steps.inland_marine Sched #3: row appeared (count 2 → 3)
14:52:28.651 DEBUG   iga.epic_steps.inland_marine Sched #3: EPIC auto-fill (3) matches desired — no typing
14:52:28.652 DEBUG   iga.epic_steps.inland_marine Sched #3: filling description (#streDescription) = 'Grade Control Base Station'
14:52:29.896 DEBUG   iga.epic_steps.inland_marine kb_fill #streDescription = 'Grade Control Base Station' OK
14:52:30.115 DEBUG   iga.epic_steps.inland_marine Sched #3: description verified OK
14:52:30.115 DEBUG   iga.epic_steps.inland_marine Sched #3: filling serial (#streSerialNumber) = '111723100'
14:52:30.767 DEBUG   iga.epic_steps.inland_marine kb_fill #streSerialNumber = '111723100' OK
14:52:30.987 DEBUG   iga.epic_steps.inland_marine Sched #3: serial verified OK
14:52:30.987 DEBUG   iga.epic_steps.inland_marine Sched #3: filling manufacturer (#streManufacturer) = 'TOPCON'
14:52:31.538 DEBUG   iga.epic_steps.inland_marine kb_fill #streManufacturer = 'TOPCON' OK
14:52:31.754 DEBUG   iga.epic_steps.inland_marine Sched #3: manufacturer verified OK
14:52:31.755 DEBUG   iga.epic_steps.inland_marine Sched #3: filling model (#streModel) = 'GR5 BASE'
14:52:32.367 DEBUG   iga.epic_steps.inland_marine kb_fill #streModel = 'GR5 BASE' OK
14:52:32.587 DEBUG   iga.epic_steps.inland_marine Sched #3: model verified OK
14:52:32.587 DEBUG   iga.epic_steps.inland_marine Sched #3: filling year (#inteModelYear__textField) = '2016'
14:52:33.077 DEBUG   iga.epic_steps.inland_marine kb_fill #inteModelYear__textField = '2016' OK
14:52:33.294 DEBUG   iga.epic_steps.inland_marine Sched #3: year verified OK
14:52:33.294 DEBUG   iga.epic_steps.inland_marine Sched #3: filling amount (#streAmtInsurance__textField) = '16000'
14:52:33.820 DEBUG   iga.epic_steps.inland_marine kb_fill #streAmtInsurance__textField = '16000' OK
14:52:34.044 DEBUG   iga.epic_steps.inland_marine Sched #3: amount verified OK
14:52:34.356 DEBUG   iga.epic_steps.inland_marine Sched #3: row complete; expected_next=4
14:52:34.356 INFO    iga.epic_steps.inland_marine --- Row 4/48: desired item#=4, EPIC auto-fill will be 4, - | - | 2012 | Stump Splitter | $15000
14:52:34.360 DEBUG   iga.epic_steps.inland_marine Sched #4: rows_before=3
14:52:35.546 DEBUG   iga.epic_steps.inland_marine Sched #4: row appeared (count 3 → 4)
14:52:36.557 DEBUG   iga.epic_steps.inland_marine Sched #4: EPIC auto-fill (4) matches desired — no typing
14:52:36.557 DEBUG   iga.epic_steps.inland_marine Sched #4: filling description (#streDescription) = 'Stump Splitter'
14:52:37.373 DEBUG   iga.epic_steps.inland_marine kb_fill #streDescription = 'Stump Splitter' OK
14:52:37.598 DEBUG   iga.epic_steps.inland_marine Sched #4: description verified OK
14:52:37.598 DEBUG   iga.epic_steps.inland_marine Sched #4: serial blank — skipping
14:52:37.598 DEBUG   iga.epic_steps.inland_marine Sched #4: manufacturer blank — skipping
14:52:37.599 DEBUG   iga.epic_steps.inland_marine Sched #4: model blank — skipping
14:52:37.599 DEBUG   iga.epic_steps.inland_marine Sched #4: filling year (#inteModelYear__textField) = '2012'
14:52:38.100 DEBUG   iga.epic_steps.inland_marine kb_fill #inteModelYear__textField = '2012' OK
14:52:38.315 DEBUG   iga.epic_steps.inland_marine Sched #4: year verified OK
14:52:38.315 DEBUG   iga.epic_steps.inland_marine Sched #4: filling amount (#streAmtInsurance__textField) = '15000'
14:52:38.836 DEBUG   iga.epic_steps.inland_marine kb_fill #streAmtInsurance__textField = '15000' OK
14:52:39.051 DEBUG   iga.epic_steps.inland_marine Sched #4: amount verified OK
14:52:39.360 DEBUG   iga.epic_steps.inland_marine Sched #4: row complete; expected_next=5
14:52:39.360 INFO    iga.epic_steps.inland_marine --- Row 5/48: desired item#=5, EPIC auto-fill will be 5, CAT | D6R | 2001 | Dozer | $100000
14:52:39.364 DEBUG   iga.epic_steps.inland_marine Sched #5: rows_before=4
14:52:40.578 DEBUG   iga.epic_steps.inland_marine Sched #5: row appeared (count 4 → 5)
14:52:41.597 DEBUG   iga.epic_steps.inland_marine Sched #5: EPIC auto-fill (5) matches desired — no typing
14:52:41.597 DEBUG   iga.epic_steps.inland_marine Sched #5: filling description (#streDescription) = 'Dozer'
14:52:42.129 DEBUG   iga.epic_steps.inland_marine kb_fill #streDescription = 'Dozer' OK
14:52:42.344 DEBUG   iga.epic_steps.inland_marine Sched #5: description verified OK
14:52:42.344 DEBUG   iga.epic_steps.inland_marine Sched #5: filling serial (#streSerialNumber) = 'D6R5LM02724'
14:52:43.061 DEBUG   iga.epic_steps.inland_marine kb_fill #streSerialNumber = 'D6R5LM02724' OK
14:52:43.278 DEBUG   iga.epic_steps.inland_marine Sched #5: serial verified OK
14:52:43.278 DEBUG   iga.epic_steps.inland_marine Sched #5: filling manufacturer (#streManufacturer) = 'CAT'
14:52:43.738 DEBUG   iga.epic_steps.inland_marine kb_fill #streManufacturer = 'CAT' OK
14:52:43.954 DEBUG   iga.epic_steps.inland_marine Sched #5: manufacturer verified OK
14:52:43.954 DEBUG   iga.epic_steps.inland_marine Sched #5: filling model (#streModel) = 'D6R'
14:52:44.415 DEBUG   iga.epic_steps.inland_marine kb_fill #streModel = 'D6R' OK
14:52:44.630 DEBUG   iga.epic_steps.inland_marine Sched #5: model verified OK
14:52:44.630 DEBUG   iga.epic_steps.inland_marine Sched #5: filling year (#inteModelYear__textField) = '2001'
14:52:45.137 DEBUG   iga.epic_steps.inland_marine kb_fill #inteModelYear__textField = '2001' OK
14:52:45.356 DEBUG   iga.epic_steps.inland_marine Sched #5: year verified OK
14:52:45.356 DEBUG   iga.epic_steps.inland_marine Sched #5: filling amount (#streAmtInsurance__textField) = '100000'
14:52:45.911 DEBUG   iga.epic_steps.inland_marine kb_fill #streAmtInsurance__textField = '100000' OK
14:52:46.128 DEBUG   iga.epic_steps.inland_marine Sched #5: amount verified OK
14:52:46.442 DEBUG   iga.epic_steps.inland_marine Sched #5: row complete; expected_next=6
14:52:46.442 INFO    iga.epic_steps.inland_marine --- Row 6/48: desired item#=6, EPIC auto-fill will be 6, KOMATSU | 250 | 2001 | Wheel Loader | $40000
14:52:46.446 DEBUG   iga.epic_steps.inland_marine Sched #6: rows_before=5
14:52:47.616 DEBUG   iga.epic_steps.inland_marine Sched #6: row appeared (count 5 → 6)
14:52:48.620 DEBUG   iga.epic_steps.inland_marine Sched #6: EPIC auto-fill (6) matches desired — no typing
14:52:48.620 DEBUG   iga.epic_steps.inland_marine Sched #6: filling description (#streDescription) = 'Wheel Loader'
14:52:49.374 DEBUG   iga.epic_steps.inland_marine kb_fill #streDescription = 'Wheel Loader' OK
14:52:49.593 DEBUG   iga.epic_steps.inland_marine Sched #6: description verified OK
14:52:49.593 DEBUG   iga.epic_steps.inland_marine Sched #6: filling serial (#streSerialNumber) = '53420'
14:52:50.113 DEBUG   iga.epic_steps.inland_marine kb_fill #streSerialNumber = '53420' OK
14:52:50.335 DEBUG   iga.epic_steps.inland_marine Sched #6: serial verified OK
14:52:50.335 DEBUG   iga.epic_steps.inland_marine Sched #6: filling manufacturer (#streManufacturer) = 'KOMATSU'
14:52:50.931 DEBUG   iga.epic_steps.inland_marine kb_fill #streManufacturer = 'KOMATSU' OK
14:52:51.147 DEBUG   iga.epic_steps.inland_marine Sched #6: manufacturer verified OK
14:52:51.147 DEBUG   iga.epic_steps.inland_marine Sched #6: filling model (#streModel) = '250'
14:52:51.606 DEBUG   iga.epic_steps.inland_marine kb_fill #streModel = '250' OK
14:52:51.824 DEBUG   iga.epic_steps.inland_marine Sched #6: model verified OK
14:52:51.825 DEBUG   iga.epic_steps.inland_marine Sched #6: filling year (#inteModelYear__textField) = '2001'
14:52:52.344 DEBUG   iga.epic_steps.inland_marine kb_fill #inteModelYear__textField = '2001' OK
14:52:52.562 DEBUG   iga.epic_steps.inland_marine Sched #6: year verified OK
14:52:52.563 DEBUG   iga.epic_steps.inland_marine Sched #6: filling amount (#streAmtInsurance__textField) = '40000'
14:52:53.091 DEBUG   iga.epic_steps.inland_marine kb_fill #streAmtInsurance__textField = '40000' OK
14:52:53.306 DEBUG   iga.epic_steps.inland_marine Sched #6: amount verified OK
14:52:53.622 DEBUG   iga.epic_steps.inland_marine Sched #6: row complete; expected_next=7
14:52:53.622 INFO    iga.epic_steps.inland_marine --- Row 7/48: desired item#=7, EPIC auto-fill will be 7, KOMATSU | WA320-7 | 2019 | Wheel Loader | $79000
14:52:53.627 DEBUG   iga.epic_steps.inland_marine Sched #7: rows_before=6
14:52:54.816 DEBUG   iga.epic_steps.inland_marine Sched #7: row appeared (count 6 → 7)
14:52:55.833 DEBUG   iga.epic_steps.inland_marine Sched #7: EPIC auto-fill (7) matches desired — no typing
14:52:55.833 DEBUG   iga.epic_steps.inland_marine Sched #7: filling description (#streDescription) = 'Wheel Loader'
14:52:56.587 DEBUG   iga.epic_steps.inland_marine kb_fill #streDescription = 'Wheel Loader' OK
14:52:56.803 DEBUG   iga.epic_steps.inland_marine Sched #7: description verified OK
14:52:56.803 DEBUG   iga.epic_steps.inland_marine Sched #7: filling serial (#streSerialNumber) = 'A36590'
14:52:57.351 DEBUG   iga.epic_steps.inland_marine kb_fill #streSerialNumber = 'A36590' OK
14:52:57.570 DEBUG   iga.epic_steps.inland_marine Sched #7: serial verified OK
14:52:57.571 DEBUG   iga.epic_steps.inland_marine Sched #7: filling manufacturer (#streManufacturer) = 'KOMATSU'
14:52:58.170 DEBUG   iga.epic_steps.inland_marine kb_fill #streManufacturer = 'KOMATSU' OK
14:52:58.392 DEBUG   iga.epic_steps.inland_marine Sched #7: manufacturer verified OK
14:52:58.392 DEBUG   iga.epic_steps.inland_marine Sched #7: filling model (#streModel) = 'WA320-7'
14:52:58.977 DEBUG   iga.epic_steps.inland_marine kb_fill #streModel = 'WA320-7' OK
14:52:59.194 DEBUG   iga.epic_steps.inland_marine Sched #7: model verified OK
14:52:59.194 DEBUG   iga.epic_steps.inland_marine Sched #7: filling year (#inteModelYear__textField) = '2019'
14:52:59.680 DEBUG   iga.epic_steps.inland_marine kb_fill #inteModelYear__textField = '2019' OK
14:52:59.896 DEBUG   iga.epic_steps.inland_marine Sched #7: year verified OK
14:52:59.896 DEBUG   iga.epic_steps.inland_marine Sched #7: filling amount (#streAmtInsurance__textField) = '79000'
14:53:00.421 DEBUG   iga.epic_steps.inland_marine kb_fill #streAmtInsurance__textField = '79000' OK
14:53:00.639 DEBUG   iga.epic_steps.inland_marine Sched #7: amount verified OK
14:53:00.945 DEBUG   iga.epic_steps.inland_marine Sched #7: row complete; expected_next=8
14:53:00.945 INFO    iga.epic_steps.inland_marine --- Row 8/48: desired item#=8, EPIC auto-fill will be 8, KOMATSU | PC210LCI-II | - | Excavator | $239220
14:53:00.949 DEBUG   iga.epic_steps.inland_marine Sched #8: rows_before=7
14:53:02.128 DEBUG   iga.epic_steps.inland_marine Sched #8: row appeared (count 7 → 8)
14:53:03.131 DEBUG   iga.epic_steps.inland_marine Sched #8: EPIC auto-fill (8) matches desired — no typing
14:53:03.131 DEBUG   iga.epic_steps.inland_marine Sched #8: filling description (#streDescription) = 'Excavator'
14:53:03.791 DEBUG   iga.epic_steps.inland_marine kb_fill #streDescription = 'Excavator' OK
14:53:04.005 DEBUG   iga.epic_steps.inland_marine Sched #8: description verified OK
14:53:04.005 DEBUG   iga.epic_steps.inland_marine Sched #8: filling serial (#streSerialNumber) = '501471'
14:53:04.562 DEBUG   iga.epic_steps.inland_marine kb_fill #streSerialNumber = '501471' OK
14:53:04.780 DEBUG   iga.epic_steps.inland_marine Sched #8: serial verified OK
14:53:04.780 DEBUG   iga.epic_steps.inland_marine Sched #8: filling manufacturer (#streManufacturer) = 'KOMATSU'
14:53:05.365 DEBUG   iga.epic_steps.inland_marine kb_fill #streManufacturer = 'KOMATSU' OK
14:53:05.581 DEBUG   iga.epic_steps.inland_marine Sched #8: manufacturer verified OK
14:53:05.582 DEBUG   iga.epic_steps.inland_marine Sched #8: filling model (#streModel) = 'PC210LCI-II'
14:53:06.307 DEBUG   iga.epic_steps.inland_marine kb_fill #streModel = 'PC210LCI-II' OK
14:53:06.522 DEBUG   iga.epic_steps.inland_marine Sched #8: model verified OK
14:53:06.522 DEBUG   iga.epic_steps.inland_marine Sched #8: year blank — skipping
14:53:06.522 DEBUG   iga.epic_steps.inland_marine Sched #8: filling amount (#streAmtInsurance__textField) = '239220'
14:53:07.108 DEBUG   iga.epic_steps.inland_marine kb_fill #streAmtInsurance__textField = '239220' OK
14:53:07.325 DEBUG   iga.epic_steps.inland_marine Sched #8: amount verified OK
14:53:07.628 DEBUG   iga.epic_steps.inland_marine Sched #8: row complete; expected_next=9
14:53:07.628 INFO    iga.epic_steps.inland_marine --- Row 9/48: desired item#=9, EPIC auto-fill will be 9, KOMATSU | PC 300 | 2005 | Excavator | $125000
14:53:07.632 DEBUG   iga.epic_steps.inland_marine Sched #9: rows_before=8
14:53:08.838 DEBUG   iga.epic_steps.inland_marine Sched #9: row appeared (count 8 → 9)
14:53:09.855 DEBUG   iga.epic_steps.inland_marine Sched #9: EPIC auto-fill (9) matches desired — no typing
14:53:09.855 DEBUG   iga.epic_steps.inland_marine Sched #9: filling description (#streDescription) = 'Excavator'
14:53:10.513 DEBUG   iga.epic_steps.inland_marine kb_fill #streDescription = 'Excavator' OK
14:53:10.733 DEBUG   iga.epic_steps.inland_marine Sched #9: description verified OK
14:53:10.733 DEBUG   iga.epic_steps.inland_marine Sched #9: filling serial (#streSerialNumber) = 'A86605'
14:53:11.286 DEBUG   iga.epic_steps.inland_marine kb_fill #streSerialNumber = 'A86605' OK
14:53:11.502 DEBUG   iga.epic_steps.inland_marine Sched #9: serial verified OK
14:53:11.502 DEBUG   iga.epic_steps.inland_marine Sched #9: filling manufacturer (#streManufacturer) = 'KOMATSU'
14:53:12.100 DEBUG   iga.epic_steps.inland_marine kb_fill #streManufacturer = 'KOMATSU' OK
14:53:12.316 DEBUG   iga.epic_steps.inland_marine Sched #9: manufacturer verified OK
14:53:12.316 DEBUG   iga.epic_steps.inland_marine Sched #9: filling model (#streModel) = 'PC 300'
14:53:12.869 DEBUG   iga.epic_steps.inland_marine kb_fill #streModel = 'PC 300' OK
14:53:13.083 DEBUG   iga.epic_steps.inland_marine Sched #9: model verified OK
14:53:13.084 DEBUG   iga.epic_steps.inland_marine Sched #9: filling year (#inteModelYear__textField) = '2005'
14:53:13.571 DEBUG   iga.epic_steps.inland_marine kb_fill #inteModelYear__textField = '2005' OK
14:53:13.788 DEBUG   iga.epic_steps.inland_marine Sched #9: year verified OK
14:53:13.789 DEBUG   iga.epic_steps.inland_marine Sched #9: filling amount (#streAmtInsurance__textField) = '125000'
14:53:14.342 DEBUG   iga.epic_steps.inland_marine kb_fill #streAmtInsurance__textField = '125000' OK
14:53:14.558 DEBUG   iga.epic_steps.inland_marine Sched #9: amount verified OK
14:53:14.874 DEBUG   iga.epic_steps.inland_marine Sched #9: row complete; expected_next=10
14:53:14.874 INFO    iga.epic_steps.inland_marine --- Row 10/48: desired item#=10, EPIC auto-fill will be 10, KOMATSU | D39-23 | 2014 | Dozer | $102000
14:53:14.878 DEBUG   iga.epic_steps.inland_marine Sched #10: rows_before=9
14:53:16.244 DEBUG   iga.epic_steps.inland_marine Sched #10: row appeared (count 9 → 10)
14:53:17.249 DEBUG   iga.epic_steps.inland_marine Sched #10: EPIC auto-fill (10) matches desired — no typing
14:53:17.249 DEBUG   iga.epic_steps.inland_marine Sched #10: filling description (#streDescription) = 'Dozer'
14:53:17.778 DEBUG   iga.epic_steps.inland_marine kb_fill #streDescription = 'Dozer' OK
14:53:17.993 DEBUG   iga.epic_steps.inland_marine Sched #10: description verified OK
14:53:17.993 DEBUG   iga.epic_steps.inland_marine Sched #10: filling serial (#streSerialNumber) = '90530'
14:53:18.511 DEBUG   iga.epic_steps.inland_marine kb_fill #streSerialNumber = '90530' OK
14:53:18.728 DEBUG   iga.epic_steps.inland_marine Sched #10: serial verified OK
14:53:18.729 DEBUG   iga.epic_steps.inland_marine Sched #10: filling manufacturer (#streManufacturer) = 'KOMATSU'
14:53:19.326 DEBUG   iga.epic_steps.inland_marine kb_fill #streManufacturer = 'KOMATSU' OK
14:53:19.539 DEBUG   iga.epic_steps.inland_marine Sched #10: manufacturer verified OK
14:53:19.540 DEBUG   iga.epic_steps.inland_marine Sched #10: filling model (#streModel) = 'D39-23'
14:53:20.096 DEBUG   iga.epic_steps.inland_marine kb_fill #streModel = 'D39-23' OK
14:53:20.315 DEBUG   iga.epic_steps.inland_marine Sched #10: model verified OK
14:53:20.315 DEBUG   iga.epic_steps.inland_marine Sched #10: filling year (#inteModelYear__textField) = '2014'
14:53:20.805 DEBUG   iga.epic_steps.inland_marine kb_fill #inteModelYear__textField = '2014' OK
14:53:21.019 DEBUG   iga.epic_steps.inland_marine Sched #10: year verified OK
14:53:21.020 DEBUG   iga.epic_steps.inland_marine Sched #10: filling amount (#streAmtInsurance__textField) = '102000'
14:53:21.571 DEBUG   iga.epic_steps.inland_marine kb_fill #streAmtInsurance__textField = '102000' OK
14:53:21.801 DEBUG   iga.epic_steps.inland_marine Sched #10: amount verified OK
14:53:22.116 DEBUG   iga.epic_steps.inland_marine Sched #10: row complete; expected_next=11
14:53:22.117 INFO    iga.epic_steps.inland_marine --- Row 11/48: desired item#=11, EPIC auto-fill will be 11, POLARIS | RANGER | 2015 | Utility Vehicle | $13000
14:53:22.121 DEBUG   iga.epic_steps.inland_marine Sched #11: rows_before=10
14:53:23.316 DEBUG   iga.epic_steps.inland_marine Sched #11: row appeared (count 10 → 11)
14:53:24.329 DEBUG   iga.epic_steps.inland_marine Sched #11: EPIC auto-fill (11) matches desired — no typing
14:53:24.330 DEBUG   iga.epic_steps.inland_marine Sched #11: filling description (#streDescription) = 'Utility Vehicle'
14:53:25.236 DEBUG   iga.epic_steps.inland_marine kb_fill #streDescription = 'Utility Vehicle' OK
14:53:25.455 DEBUG   iga.epic_steps.inland_marine Sched #11: description verified OK
14:53:25.455 DEBUG   iga.epic_steps.inland_marine Sched #11: filling serial (#streSerialNumber) = '4XARTE871GB330717'
14:53:26.368 DEBUG   iga.epic_steps.inland_marine kb_fill #streSerialNumber = '4XARTE871GB330717' OK
14:53:26.586 DEBUG   iga.epic_steps.inland_marine Sched #11: serial verified OK
14:53:26.586 DEBUG   iga.epic_steps.inland_marine Sched #11: filling manufacturer (#streManufacturer) = 'POLARIS'
14:53:27.174 DEBUG   iga.epic_steps.inland_marine kb_fill #streManufacturer = 'POLARIS' OK
14:53:27.389 DEBUG   iga.epic_steps.inland_marine Sched #11: manufacturer verified OK
14:53:27.389 DEBUG   iga.epic_steps.inland_marine Sched #11: filling model (#streModel) = 'RANGER'
14:53:27.944 DEBUG   iga.epic_steps.inland_marine kb_fill #streModel = 'RANGER' OK
14:53:28.164 DEBUG   iga.epic_steps.inland_marine Sched #11: model verified OK
14:53:28.164 DEBUG   iga.epic_steps.inland_marine Sched #11: filling year (#inteModelYear__textField) = '2015'
14:53:28.655 DEBUG   iga.epic_steps.inland_marine kb_fill #inteModelYear__textField = '2015' OK
14:53:28.871 DEBUG   iga.epic_steps.inland_marine Sched #11: year verified OK
14:53:28.871 DEBUG   iga.epic_steps.inland_marine Sched #11: filling amount (#streAmtInsurance__textField) = '13000'
14:53:29.408 DEBUG   iga.epic_steps.inland_marine kb_fill #streAmtInsurance__textField = '13000' OK
14:53:29.624 DEBUG   iga.epic_steps.inland_marine Sched #11: amount verified OK
14:53:29.927 DEBUG   iga.epic_steps.inland_marine Sched #11: row complete; expected_next=12
14:53:29.927 INFO    iga.epic_steps.inland_marine --- Row 12/48: desired item#=13, EPIC auto-fill will be 12, MILLER | - | - | Welder Gas Powered | $7500
14:53:29.931 DEBUG   iga.epic_steps.inland_marine Sched #12: rows_before=11
14:53:31.109 DEBUG   iga.epic_steps.inland_marine Sched #12: row appeared (count 11 → 12)
14:53:32.112 INFO    iga.epic_steps.inland_marine Sched #12: GAP — EPIC would auto-fill 12, we want 13. Overriding.
14:53:32.547 DEBUG   iga.epic_steps.inland_marine kb_fill #inteItemNumber__textField = '13' OK
14:53:32.763 DEBUG   iga.epic_steps.inland_marine Sched #12: item# override verified
14:53:32.763 DEBUG   iga.epic_steps.inland_marine Sched #12: filling description (#streDescription) = 'Welder Gas Powered'
14:53:33.711 DEBUG   iga.epic_steps.inland_marine kb_fill #streDescription = 'Welder Gas Powered' OK
14:53:33.926 DEBUG   iga.epic_steps.inland_marine Sched #12: description verified OK
14:53:33.926 DEBUG   iga.epic_steps.inland_marine Sched #12: serial blank — skipping
14:53:33.926 DEBUG   iga.epic_steps.inland_marine Sched #12: filling manufacturer (#streManufacturer) = 'MILLER'
14:53:34.490 DEBUG   iga.epic_steps.inland_marine kb_fill #streManufacturer = 'MILLER' OK
14:53:34.707 DEBUG   iga.epic_steps.inland_marine Sched #12: manufacturer verified OK
14:53:34.707 DEBUG   iga.epic_steps.inland_marine Sched #12: model blank — skipping
14:53:34.707 DEBUG   iga.epic_steps.inland_marine Sched #12: year blank — skipping
14:53:34.708 DEBUG   iga.epic_steps.inland_marine Sched #12: filling amount (#streAmtInsurance__textField) = '7500'
14:53:35.216 DEBUG   iga.epic_steps.inland_marine kb_fill #streAmtInsurance__textField = '7500' OK
14:53:35.435 DEBUG   iga.epic_steps.inland_marine Sched #12: amount verified OK
14:53:35.736 DEBUG   iga.epic_steps.inland_marine Sched #12: row complete; expected_next=14
14:53:35.737 INFO    iga.epic_steps.inland_marine --- Row 13/48: desired item#=14, EPIC auto-fill will be 14, - | - | - | Skid Steer Attachment | $12500
14:53:35.741 DEBUG   iga.epic_steps.inland_marine Sched #13: rows_before=12
14:53:37.119 DEBUG   iga.epic_steps.inland_marine Sched #13: row appeared (count 12 → 13)
14:53:38.129 DEBUG   iga.epic_steps.inland_marine Sched #13: EPIC auto-fill (14) matches desired — no typing
14:53:38.130 DEBUG   iga.epic_steps.inland_marine Sched #13: filling description (#streDescription) = 'Skid Steer Attachment'
14:53:39.157 DEBUG   iga.epic_steps.inland_marine kb_fill #streDescription = 'Skid Steer Attachment' OK
14:53:39.371 DEBUG   iga.epic_steps.inland_marine Sched #13: description verified OK
14:53:39.371 DEBUG   iga.epic_steps.inland_marine Sched #13: serial blank — skipping
14:53:39.372 DEBUG   iga.epic_steps.inland_marine Sched #13: manufacturer blank — skipping
14:53:39.372 DEBUG   iga.epic_steps.inland_marine Sched #13: model blank — skipping
14:53:39.372 DEBUG   iga.epic_steps.inland_marine Sched #13: year blank — skipping
14:53:39.372 DEBUG   iga.epic_steps.inland_marine Sched #13: filling amount (#streAmtInsurance__textField) = '12500'
14:53:39.922 DEBUG   iga.epic_steps.inland_marine kb_fill #streAmtInsurance__textField = '12500' OK
14:53:40.139 DEBUG   iga.epic_steps.inland_marine Sched #13: amount verified OK
14:53:40.440 DEBUG   iga.epic_steps.inland_marine Sched #13: row complete; expected_next=15
14:53:40.440 INFO    iga.epic_steps.inland_marine --- Row 14/48: desired item#=15, EPIC auto-fill will be 15, FECON | - | 2017 | Mulching Head | $26287
14:53:40.444 DEBUG   iga.epic_steps.inland_marine Sched #14: rows_before=13
14:53:41.646 DEBUG   iga.epic_steps.inland_marine Sched #14: row appeared (count 13 → 14)
14:53:42.659 DEBUG   iga.epic_steps.inland_marine Sched #14: EPIC auto-fill (15) matches desired — no typing
14:53:42.659 DEBUG   iga.epic_steps.inland_marine Sched #14: filling description (#streDescription) = 'Mulching Head'
14:53:43.458 DEBUG   iga.epic_steps.inland_marine kb_fill #streDescription = 'Mulching Head' OK
14:53:43.673 DEBUG   iga.epic_steps.inland_marine Sched #14: description verified OK
14:53:43.673 DEBUG   iga.epic_steps.inland_marine Sched #14: filling serial (#streSerialNumber) = '00BH74011639'
14:53:44.429 DEBUG   iga.epic_steps.inland_marine kb_fill #streSerialNumber = '00BH74011639' OK
14:53:44.645 DEBUG   iga.epic_steps.inland_marine Sched #14: serial verified OK
14:53:44.645 DEBUG   iga.epic_steps.inland_marine Sched #14: filling manufacturer (#streManufacturer) = 'FECON'
14:53:45.182 DEBUG   iga.epic_steps.inland_marine kb_fill #streManufacturer = 'FECON' OK
14:53:45.399 DEBUG   iga.epic_steps.inland_marine Sched #14: manufacturer verified OK
14:53:45.400 DEBUG   iga.epic_steps.inland_marine Sched #14: model blank — skipping
14:53:45.400 DEBUG   iga.epic_steps.inland_marine Sched #14: filling year (#inteModelYear__textField) = '2017'
14:53:45.906 DEBUG   iga.epic_steps.inland_marine kb_fill #inteModelYear__textField = '2017' OK
14:53:46.124 DEBUG   iga.epic_steps.inland_marine Sched #14: year verified OK
14:53:46.125 DEBUG   iga.epic_steps.inland_marine Sched #14: filling amount (#streAmtInsurance__textField) = '26287'
14:53:46.662 DEBUG   iga.epic_steps.inland_marine kb_fill #streAmtInsurance__textField = '26287' OK
14:53:46.885 DEBUG   iga.epic_steps.inland_marine Sched #14: amount verified OK
14:53:47.199 DEBUG   iga.epic_steps.inland_marine Sched #14: row complete; expected_next=16
14:53:47.199 INFO    iga.epic_steps.inland_marine --- Row 15/48: desired item#=16, EPIC auto-fill will be 16, BRAMCO | - | 2017 | Rake for Skidsteer | $5951
14:53:47.203 DEBUG   iga.epic_steps.inland_marine Sched #15: rows_before=14
14:53:48.436 DEBUG   iga.epic_steps.inland_marine Sched #15: row appeared (count 14 → 15)
14:53:49.444 DEBUG   iga.epic_steps.inland_marine Sched #15: EPIC auto-fill (16) matches desired — no typing
14:53:49.444 DEBUG   iga.epic_steps.inland_marine Sched #15: filling description (#streDescription) = 'Rake for Skidsteer'
14:53:50.400 DEBUG   iga.epic_steps.inland_marine kb_fill #streDescription = 'Rake for Skidsteer' OK
14:53:50.614 DEBUG   iga.epic_steps.inland_marine Sched #15: description verified OK
14:53:50.614 DEBUG   iga.epic_steps.inland_marine Sched #15: serial blank — skipping
14:53:50.615 DEBUG   iga.epic_steps.inland_marine Sched #15: filling manufacturer (#streManufacturer) = 'BRAMCO'
14:53:51.180 DEBUG   iga.epic_steps.inland_marine kb_fill #streManufacturer = 'BRAMCO' OK
14:53:51.396 DEBUG   iga.epic_steps.inland_marine Sched #15: manufacturer verified OK
14:53:51.396 DEBUG   iga.epic_steps.inland_marine Sched #15: model blank — skipping
14:53:51.396 DEBUG   iga.epic_steps.inland_marine Sched #15: filling year (#inteModelYear__textField) = '2017'
14:53:51.903 DEBUG   iga.epic_steps.inland_marine kb_fill #inteModelYear__textField = '2017' OK
14:53:52.121 DEBUG   iga.epic_steps.inland_marine Sched #15: year verified OK
14:53:52.121 DEBUG   iga.epic_steps.inland_marine Sched #15: filling amount (#streAmtInsurance__textField) = '5951'
14:53:52.624 DEBUG   iga.epic_steps.inland_marine kb_fill #streAmtInsurance__textField = '5951' OK
14:53:52.843 DEBUG   iga.epic_steps.inland_marine Sched #15: amount verified OK
14:53:53.145 DEBUG   iga.epic_steps.inland_marine Sched #15: row complete; expected_next=17
14:53:53.146 INFO    iga.epic_steps.inland_marine --- Row 16/48: desired item#=17, EPIC auto-fill will be 17, - | - | - | Silt Fence Plow | $2500
14:53:53.150 DEBUG   iga.epic_steps.inland_marine Sched #16: rows_before=15
14:53:54.338 DEBUG   iga.epic_steps.inland_marine Sched #16: row appeared (count 15 → 16)
14:53:55.348 DEBUG   iga.epic_steps.inland_marine Sched #16: EPIC auto-fill (17) matches desired — no typing
14:53:55.348 DEBUG   iga.epic_steps.inland_marine Sched #16: filling description (#streDescription) = 'Silt Fence Plow'
14:53:56.224 DEBUG   iga.epic_steps.inland_marine kb_fill #streDescription = 'Silt Fence Plow' OK
14:53:56.441 DEBUG   iga.epic_steps.inland_marine Sched #16: description verified OK
14:53:56.441 DEBUG   iga.epic_steps.inland_marine Sched #16: serial blank — skipping
14:53:56.441 DEBUG   iga.epic_steps.inland_marine Sched #16: manufacturer blank — skipping
14:53:56.441 DEBUG   iga.epic_steps.inland_marine Sched #16: model blank — skipping
14:53:56.442 DEBUG   iga.epic_steps.inland_marine Sched #16: year blank — skipping
14:53:56.442 DEBUG   iga.epic_steps.inland_marine Sched #16: filling amount (#streAmtInsurance__textField) = '2500'
14:53:56.943 DEBUG   iga.epic_steps.inland_marine kb_fill #streAmtInsurance__textField = '2500' OK
14:53:57.163 DEBUG   iga.epic_steps.inland_marine Sched #16: amount verified OK
14:53:57.479 DEBUG   iga.epic_steps.inland_marine Sched #16: row complete; expected_next=18
14:53:57.479 INFO    iga.epic_steps.inland_marine --- Row 17/48: desired item#=18, EPIC auto-fill will be 18, BIG BUD | 525/50 | - | Tractor | $150000
14:53:57.483 DEBUG   iga.epic_steps.inland_marine Sched #17: rows_before=16
14:53:58.834 DEBUG   iga.epic_steps.inland_marine Sched #17: row appeared (count 16 → 17)
14:53:59.840 DEBUG   iga.epic_steps.inland_marine Sched #17: EPIC auto-fill (18) matches desired — no typing
14:53:59.840 DEBUG   iga.epic_steps.inland_marine Sched #17: filling description (#streDescription) = 'Tractor'
14:54:00.449 DEBUG   iga.epic_steps.inland_marine kb_fill #streDescription = 'Tractor' OK
14:54:00.672 DEBUG   iga.epic_steps.inland_marine Sched #17: description verified OK
14:54:00.672 DEBUG   iga.epic_steps.inland_marine Sched #17: filling serial (#streSerialNumber) = 'XXXX'
14:54:01.173 DEBUG   iga.epic_steps.inland_marine kb_fill #streSerialNumber = 'XXXX' OK
14:54:01.390 DEBUG   iga.epic_steps.inland_marine Sched #17: serial verified OK
14:54:01.391 DEBUG   iga.epic_steps.inland_marine Sched #17: filling manufacturer (#streManufacturer) = 'BIG BUD'
14:54:01.992 DEBUG   iga.epic_steps.inland_marine kb_fill #streManufacturer = 'BIG BUD' OK
14:54:02.206 DEBUG   iga.epic_steps.inland_marine Sched #17: manufacturer verified OK
14:54:02.206 DEBUG   iga.epic_steps.inland_marine Sched #17: filling model (#streModel) = '525/50'
14:54:02.760 DEBUG   iga.epic_steps.inland_marine kb_fill #streModel = '525/50' OK
14:54:02.977 DEBUG   iga.epic_steps.inland_marine Sched #17: model verified OK
14:54:02.977 DEBUG   iga.epic_steps.inland_marine Sched #17: year blank — skipping
14:54:02.977 DEBUG   iga.epic_steps.inland_marine Sched #17: filling amount (#streAmtInsurance__textField) = '150000'
14:54:03.548 DEBUG   iga.epic_steps.inland_marine kb_fill #streAmtInsurance__textField = '150000' OK
14:54:03.764 DEBUG   iga.epic_steps.inland_marine Sched #17: amount verified OK
14:54:04.067 DEBUG   iga.epic_steps.inland_marine Sched #17: row complete; expected_next=19
14:54:04.068 INFO    iga.epic_steps.inland_marine --- Row 18/48: desired item#=19, EPIC auto-fill will be 19, TOPCON | GR5 BASE | 2019 | Grade Control Base Station | $19000
14:54:04.071 DEBUG   iga.epic_steps.inland_marine Sched #18: rows_before=17
14:54:05.273 DEBUG   iga.epic_steps.inland_marine Sched #18: row appeared (count 17 → 18)
14:54:06.288 DEBUG   iga.epic_steps.inland_marine Sched #18: EPIC auto-fill (19) matches desired — no typing
14:54:06.288 DEBUG   iga.epic_steps.inland_marine Sched #18: filling description (#streDescription) = 'Grade Control Base Station'
14:54:07.500 DEBUG   iga.epic_steps.inland_marine kb_fill #streDescription = 'Grade Control Base Station' OK
14:54:07.718 DEBUG   iga.epic_steps.inland_marine Sched #18: description verified OK
14:54:07.718 DEBUG   iga.epic_steps.inland_marine Sched #18: filling serial (#streSerialNumber) = '1117-24917'
14:54:08.407 DEBUG   iga.epic_steps.inland_marine kb_fill #streSerialNumber = '1117-24917' OK
14:54:08.625 DEBUG   iga.epic_steps.inland_marine Sched #18: serial verified OK
14:54:08.625 DEBUG   iga.epic_steps.inland_marine Sched #18: filling manufacturer (#streManufacturer) = 'TOPCON'
14:54:09.186 DEBUG   iga.epic_steps.inland_marine kb_fill #streManufacturer = 'TOPCON' OK
14:54:09.402 DEBUG   iga.epic_steps.inland_marine Sched #18: manufacturer verified OK
14:54:09.402 DEBUG   iga.epic_steps.inland_marine Sched #18: filling model (#streModel) = 'GR5 BASE'
14:54:10.036 DEBUG   iga.epic_steps.inland_marine kb_fill #streModel = 'GR5 BASE' OK
14:54:10.252 DEBUG   iga.epic_steps.inland_marine Sched #18: model verified OK
14:54:10.252 DEBUG   iga.epic_steps.inland_marine Sched #18: filling year (#inteModelYear__textField) = '2019'
14:54:10.883 DEBUG   iga.epic_steps.inland_marine kb_fill #inteModelYear__textField = '2019' OK
14:54:11.099 DEBUG   iga.epic_steps.inland_marine Sched #18: year verified OK
14:54:11.099 DEBUG   iga.epic_steps.inland_marine Sched #18: filling amount (#streAmtInsurance__textField) = '19000'
14:54:11.634 DEBUG   iga.epic_steps.inland_marine kb_fill #streAmtInsurance__textField = '19000' OK
14:54:11.848 DEBUG   iga.epic_steps.inland_marine Sched #18: amount verified OK
14:54:12.161 DEBUG   iga.epic_steps.inland_marine Sched #18: row complete; expected_next=20
14:54:12.161 INFO    iga.epic_steps.inland_marine --- Row 19/48: desired item#=20, EPIC auto-fill will be 20, KOMATSU | WA320-7 | - | Wheel Loader | $98233
14:54:12.165 DEBUG   iga.epic_steps.inland_marine Sched #19: rows_before=18
14:54:13.348 DEBUG   iga.epic_steps.inland_marine Sched #19: row appeared (count 18 → 19)
14:54:14.357 DEBUG   iga.epic_steps.inland_marine Sched #19: EPIC auto-fill (20) matches desired — no typing
14:54:14.358 DEBUG   iga.epic_steps.inland_marine Sched #19: filling description (#streDescription) = 'Wheel Loader'
14:54:15.127 DEBUG   iga.epic_steps.inland_marine kb_fill #streDescription = 'Wheel Loader' OK
14:54:15.344 DEBUG   iga.epic_steps.inland_marine Sched #19: description verified OK
14:54:15.345 DEBUG   iga.epic_steps.inland_marine Sched #19: filling serial (#streSerialNumber) = 'A36428'
14:54:15.896 DEBUG   iga.epic_steps.inland_marine kb_fill #streSerialNumber = 'A36428' OK
14:54:16.112 DEBUG   iga.epic_steps.inland_marine Sched #19: serial verified OK
14:54:16.112 DEBUG   iga.epic_steps.inland_marine Sched #19: filling manufacturer (#streManufacturer) = 'KOMATSU'
14:54:16.695 DEBUG   iga.epic_steps.inland_marine kb_fill #streManufacturer = 'KOMATSU' OK
14:54:16.912 DEBUG   iga.epic_steps.inland_marine Sched #19: manufacturer verified OK
14:54:16.912 DEBUG   iga.epic_steps.inland_marine Sched #19: filling model (#streModel) = 'WA320-7'
14:54:17.514 DEBUG   iga.epic_steps.inland_marine kb_fill #streModel = 'WA320-7' OK
14:54:17.732 DEBUG   iga.epic_steps.inland_marine Sched #19: model verified OK
14:54:17.732 DEBUG   iga.epic_steps.inland_marine Sched #19: year blank — skipping
14:54:17.732 DEBUG   iga.epic_steps.inland_marine Sched #19: filling amount (#streAmtInsurance__textField) = '98233'
14:54:18.271 DEBUG   iga.epic_steps.inland_marine kb_fill #streAmtInsurance__textField = '98233' OK
14:54:18.489 DEBUG   iga.epic_steps.inland_marine Sched #19: amount verified OK
14:54:18.802 DEBUG   iga.epic_steps.inland_marine Sched #19: row complete; expected_next=21
14:54:18.802 INFO    iga.epic_steps.inland_marine --- Row 20/48: desired item#=21, EPIC auto-fill will be 21, KOMATSU | D61PXI-24 | - | Crawler Dozer | $348000
14:54:18.806 DEBUG   iga.epic_steps.inland_marine Sched #20: rows_before=19
14:54:19.984 DEBUG   iga.epic_steps.inland_marine Sched #20: row appeared (count 19 → 20)
14:54:20.997 DEBUG   iga.epic_steps.inland_marine Sched #20: EPIC auto-fill (21) matches desired — no typing
14:54:20.997 DEBUG   iga.epic_steps.inland_marine Sched #20: filling description (#streDescription) = 'Crawler Dozer'
14:54:21.774 DEBUG   iga.epic_steps.inland_marine kb_fill #streDescription = 'Crawler Dozer' OK
14:54:21.990 DEBUG   iga.epic_steps.inland_marine Sched #20: description verified OK
14:54:21.990 DEBUG   iga.epic_steps.inland_marine Sched #20: filling serial (#streSerialNumber) = '41320'
14:54:22.526 DEBUG   iga.epic_steps.inland_marine kb_fill #streSerialNumber = '41320' OK
14:54:22.743 DEBUG   iga.epic_steps.inland_marine Sched #20: serial verified OK
14:54:22.744 DEBUG   iga.epic_steps.inland_marine Sched #20: filling manufacturer (#streManufacturer) = 'KOMATSU'
14:54:23.345 DEBUG   iga.epic_steps.inland_marine kb_fill #streManufacturer = 'KOMATSU' OK
14:54:23.564 DEBUG   iga.epic_steps.inland_marine Sched #20: manufacturer verified OK
14:54:23.564 DEBUG   iga.epic_steps.inland_marine Sched #20: filling model (#streModel) = 'D61PXI-24'
14:54:24.222 DEBUG   iga.epic_steps.inland_marine kb_fill #streModel = 'D61PXI-24' OK
14:54:24.440 DEBUG   iga.epic_steps.inland_marine Sched #20: model verified OK
14:54:24.440 DEBUG   iga.epic_steps.inland_marine Sched #20: year blank — skipping
14:54:24.441 DEBUG   iga.epic_steps.inland_marine Sched #20: filling amount (#streAmtInsurance__textField) = '348000'
14:54:25.019 DEBUG   iga.epic_steps.inland_marine kb_fill #streAmtInsurance__textField = '348000' OK
14:54:25.235 DEBUG   iga.epic_steps.inland_marine Sched #20: amount verified OK
14:54:25.537 DEBUG   iga.epic_steps.inland_marine Sched #20: row complete; expected_next=22
14:54:25.537 INFO    iga.epic_steps.inland_marine --- Row 21/48: desired item#=22, EPIC auto-fill will be 22, VOLVO | A35G | 2014 | Articulated Hauler | $160000
14:54:25.541 DEBUG   iga.epic_steps.inland_marine Sched #21: rows_before=20
14:54:26.734 DEBUG   iga.epic_steps.inland_marine Sched #21: row appeared (count 20 → 21)
14:54:27.741 DEBUG   iga.epic_steps.inland_marine Sched #21: EPIC auto-fill (22) matches desired — no typing
14:54:27.742 DEBUG   iga.epic_steps.inland_marine Sched #21: filling description (#streDescription) = 'Articulated Hauler'
14:54:28.712 DEBUG   iga.epic_steps.inland_marine kb_fill #streDescription = 'Articulated Hauler' OK
14:54:28.927 DEBUG   iga.epic_steps.inland_marine Sched #21: description verified OK
14:54:28.927 DEBUG   iga.epic_steps.inland_marine Sched #21: filling serial (#streSerialNumber) = '340050'
14:54:29.482 DEBUG   iga.epic_steps.inland_marine kb_fill #streSerialNumber = '340050' OK
14:54:29.698 DEBUG   iga.epic_steps.inland_marine Sched #21: serial verified OK
14:54:29.698 DEBUG   iga.epic_steps.inland_marine Sched #21: filling manufacturer (#streManufacturer) = 'VOLVO'
14:54:30.232 DEBUG   iga.epic_steps.inland_marine kb_fill #streManufacturer = 'VOLVO' OK
14:54:30.448 DEBUG   iga.epic_steps.inland_marine Sched #21: manufacturer verified OK
14:54:30.448 DEBUG   iga.epic_steps.inland_marine Sched #21: filling model (#streModel) = 'A35G'
14:54:30.965 DEBUG   iga.epic_steps.inland_marine kb_fill #streModel = 'A35G' OK
14:54:31.183 DEBUG   iga.epic_steps.inland_marine Sched #21: model verified OK
14:54:31.184 DEBUG   iga.epic_steps.inland_marine Sched #21: filling year (#inteModelYear__textField) = '2014'
14:54:31.666 DEBUG   iga.epic_steps.inland_marine kb_fill #inteModelYear__textField = '2014' OK
14:54:31.890 DEBUG   iga.epic_steps.inland_marine Sched #21: year verified OK
14:54:31.890 DEBUG   iga.epic_steps.inland_marine Sched #21: filling amount (#streAmtInsurance__textField) = '160000'
14:54:32.458 DEBUG   iga.epic_steps.inland_marine kb_fill #streAmtInsurance__textField = '160000' OK
14:54:32.674 DEBUG   iga.epic_steps.inland_marine Sched #21: amount verified OK
14:54:32.977 DEBUG   iga.epic_steps.inland_marine Sched #21: row complete; expected_next=23
14:54:32.978 INFO    iga.epic_steps.inland_marine --- Row 22/48: desired item#=23, EPIC auto-fill will be 23, KOMATSU | HM300-5 | 2019 | Articulated Dump Truck | $227824
14:54:32.982 DEBUG   iga.epic_steps.inland_marine Sched #22: rows_before=21
14:54:34.174 DEBUG   iga.epic_steps.inland_marine Sched #22: row appeared (count 21 → 22)
14:54:35.178 DEBUG   iga.epic_steps.inland_marine Sched #22: EPIC auto-fill (23) matches desired — no typing
14:54:35.178 DEBUG   iga.epic_steps.inland_marine Sched #22: filling description (#streDescription) = 'Articulated Dump Truck'
14:54:36.248 DEBUG   iga.epic_steps.inland_marine kb_fill #streDescription = 'Articulated Dump Truck' OK
14:54:36.478 DEBUG   iga.epic_steps.inland_marine Sched #22: description verified OK
14:54:36.478 DEBUG   iga.epic_steps.inland_marine Sched #22: filling serial (#streSerialNumber) = '10596'
14:54:37.017 DEBUG   iga.epic_steps.inland_marine kb_fill #streSerialNumber = '10596' OK
14:54:37.235 DEBUG   iga.epic_steps.inland_marine Sched #22: serial verified OK
14:54:37.235 DEBUG   iga.epic_steps.inland_marine Sched #22: filling manufacturer (#streManufacturer) = 'KOMATSU'
14:54:37.834 DEBUG   iga.epic_steps.inland_marine kb_fill #streManufacturer = 'KOMATSU' OK
14:54:38.055 DEBUG   iga.epic_steps.inland_marine Sched #22: manufacturer verified OK
14:54:38.055 DEBUG   iga.epic_steps.inland_marine Sched #22: filling model (#streModel) = 'HM300-5'
14:54:38.642 DEBUG   iga.epic_steps.inland_marine kb_fill #streModel = 'HM300-5' OK
14:54:38.857 DEBUG   iga.epic_steps.inland_marine Sched #22: model verified OK
14:54:38.858 DEBUG   iga.epic_steps.inland_marine Sched #22: filling year (#inteModelYear__textField) = '2019'
14:54:39.352 DEBUG   iga.epic_steps.inland_marine kb_fill #inteModelYear__textField = '2019' OK
14:54:39.568 DEBUG   iga.epic_steps.inland_marine Sched #22: year verified OK
14:54:39.568 DEBUG   iga.epic_steps.inland_marine Sched #22: filling amount (#streAmtInsurance__textField) = '227824'
14:54:40.136 DEBUG   iga.epic_steps.inland_marine kb_fill #streAmtInsurance__textField = '227824' OK
14:54:40.356 DEBUG   iga.epic_steps.inland_marine Sched #22: amount verified OK
14:54:40.673 DEBUG   iga.epic_steps.inland_marine Sched #22: row complete; expected_next=24
14:54:40.673 INFO    iga.epic_steps.inland_marine --- Row 23/48: desired item#=24, EPIC auto-fill will be 24, KOMATSU | - | 2022 | Hydraulic Excavator | $224750
14:54:40.677 DEBUG   iga.epic_steps.inland_marine Sched #23: rows_before=22
14:54:41.867 DEBUG   iga.epic_steps.inland_marine Sched #23: row appeared (count 22 → 23)
14:54:42.880 DEBUG   iga.epic_steps.inland_marine Sched #23: EPIC auto-fill (24) matches desired — no typing
14:54:42.880 DEBUG   iga.epic_steps.inland_marine Sched #23: filling description (#streDescription) = 'Hydraulic Excavator'
14:54:43.884 DEBUG   iga.epic_steps.inland_marine kb_fill #streDescription = 'Hydraulic Excavator' OK
14:54:44.099 DEBUG   iga.epic_steps.inland_marine Sched #23: description verified OK
14:54:44.099 DEBUG   iga.epic_steps.inland_marine Sched #23: filling serial (#streSerialNumber) = 'C81472'
14:54:44.669 DEBUG   iga.epic_steps.inland_marine kb_fill #streSerialNumber = 'C81472' OK
14:54:44.884 DEBUG   iga.epic_steps.inland_marine Sched #23: serial verified OK
14:54:44.884 DEBUG   iga.epic_steps.inland_marine Sched #23: filling manufacturer (#streManufacturer) = 'KOMATSU'
14:54:45.484 DEBUG   iga.epic_steps.inland_marine kb_fill #streManufacturer = 'KOMATSU' OK
14:54:45.700 DEBUG   iga.epic_steps.inland_marine Sched #23: manufacturer verified OK
14:54:45.700 DEBUG   iga.epic_steps.inland_marine Sched #23: model blank — skipping
14:54:45.700 DEBUG   iga.epic_steps.inland_marine Sched #23: filling year (#inteModelYear__textField) = '2022'
14:54:46.192 DEBUG   iga.epic_steps.inland_marine kb_fill #inteModelYear__textField = '2022' OK
14:54:46.409 DEBUG   iga.epic_steps.inland_marine Sched #23: year verified OK
14:54:46.409 DEBUG   iga.epic_steps.inland_marine Sched #23: filling amount (#streAmtInsurance__textField) = '224750'
14:54:46.975 DEBUG   iga.epic_steps.inland_marine kb_fill #streAmtInsurance__textField = '224750' OK
14:54:47.194 DEBUG   iga.epic_steps.inland_marine Sched #23: amount verified OK
14:54:47.497 DEBUG   iga.epic_steps.inland_marine Sched #23: row complete; expected_next=25
14:54:47.498 INFO    iga.epic_steps.inland_marine --- Row 24/48: desired item#=25, EPIC auto-fill will be 25, - | M415XT | 2021 | Maintainer | $150000
14:54:47.502 DEBUG   iga.epic_steps.inland_marine Sched #24: rows_before=23
14:54:48.690 DEBUG   iga.epic_steps.inland_marine Sched #24: row appeared (count 23 → 24)
14:54:49.704 DEBUG   iga.epic_steps.inland_marine Sched #24: EPIC auto-fill (25) matches desired — no typing
14:54:49.704 DEBUG   iga.epic_steps.inland_marine Sched #24: filling description (#streDescription) = 'Maintainer'
14:54:50.403 DEBUG   iga.epic_steps.inland_marine kb_fill #streDescription = 'Maintainer' OK
14:54:50.621 DEBUG   iga.epic_steps.inland_marine Sched #24: description verified OK
14:54:50.621 DEBUG   iga.epic_steps.inland_marine Sched #24: filling serial (#streSerialNumber) = '083-T-45MCX4Y4-04083'
14:54:51.627 DEBUG   iga.epic_steps.inland_marine kb_fill #streSerialNumber = '083-T-45MCX4Y4-04083' OK
14:54:53.897 WARNING iga.epic_steps.page_health verify_input_value(#streSerialNumber): expected '083-T-45MCX4Y4-04083' but saw '083-T-45MCX4Y4-04' after 2000 ms
14:54:53.897 ERROR   iga.epic_steps.inland_marine Sched #24: serial value did not stick (wanted '083-T-45MCX4Y4-04083')
